// Jest Snapshot v1, https://goo.gl/fbAQLP

exports[` 3.- Pruebas en <AddCategory />   * Debe de mostrarse correctamente 1`] = `
<form
  onSubmit={[Function]}
>
  <p>
     
     
  </p>
  <input
    onChange={[Function]}
    placeholder="Type the Category"
    type="text"
    value=""
  />
</form>
`;
